./test.sh: line 8: ././test_cml_*.exe: No such file or directory
