ERROR(FoX)
Tried to add non-existent notation to entity: ENT
