ERROR(wxml) in writing to file 
test.xml
Trying to close root2 but root is open.
