ERROR(wxml) in writing to file 
test.xml
Invalid Attribute Name: !att
