ERROR(wxml) in writing to file 
test.xml
Invalid PI Target xml-pi
