ERROR(wxml) in writing to file 
test.xml
Element name !root is not valid
