 Incommensurate sizes for longitude and latitude arrays in kmlCreateLine
