 test.1.1.1
 test.1.1.2
 test.1.1.3
 test.1.2.1
 test.1.2.2
 test.1.2.3
 test.1.2.4
 test.1.2.5
 test.1.3.1
 test.1.3.2
 test.1.3.3
 test.1.4.1
 test.1.4.2
 test.1.4.3
 test.1.4.4
 test.1.4.5
 test.2.1.1
 test.2.1.2
 test.2.1.3
 test.2.2.1
 test.2.2.2
 test.2.2.3
 test.3.1.1
 test.3.1.2
 test.3.1.3
