char:<:
iost:0
char:<:
iost:0
char:!:
iost:0
char:1:
iost:0
