char:<?xml version=":
iost:0
char:putback1.0"?>:
iost:0
